будет проставлено: 34 ссылок в 34 файлах

Версии в ссылках разошлись с содержимым файлов.
Стили доехали до сервера, но не доедут до открытого раньше браузера: css отдаётся immutable на неделю.
  · demo/algoritm-pri-zaderzhke-oplaty.html: ../product.css db34aef2 → 6f1c826e
  · demo/obshchiy-princip-osparivaniya-uderzhaniy.html: ../product.css db34aef2 → 6f1c826e
  · demo/pretenziya-na-neoplatu.html: ../product.css db34aef2 → 6f1c826e
  · demo/strategiya-otveta-na-zamechaniya.html: ../product.css db34aef2 → 6f1c826e
  · materialy/akt-skrytyh-rabot.html: ../product.css db34aef2 → 6f1c826e
  · materialy/avans.html: ../product.css db34aef2 → 6f1c826e
  · materialy/bankrotstvo.html: ../product.css db34aef2 → 6f1c826e
  · materialy/dengi.html: ../product.css db34aef2 → 6f1c826e
  · materialy/dogovor.html: ../product.css db34aef2 → 6f1c826e
  · materialy/dop-raboty.html: ../product.css db34aef2 → 6f1c826e
  · materialy/index.html: ../product.css db34aef2 → 6f1c826e
  · materialy/ispolnitelnaya-dokumentaciya.html: ../product.css db34aef2 → 6f1c826e
  · materialy/raschet-metrami.html: ../product.css db34aef2 → 6f1c826e
  · materialy/uderzhaniya.html: ../product.css db34aef2 → 6f1c826e
  · materialy/vozvrat-ks.html: ../product.css db34aef2 → 6f1c826e
  · products/p1-oplata-po-ks2.html: ../product.css 820ffea4 → 6f1c826e
  · products/p10-otvet-na-pretenziyu.html: ../product.css db34aef2 → 6f1c826e
  · products/p11-raschet-metrami.html: ../product.css db34aef2 → 6f1c826e
  · products/p12-spor-s-summoy.html: ../product.css db34aef2 → 6f1c826e
  · products/p13-chto-v-smete-ne-oplatyat.html: ../product.css db34aef2 → 6f1c826e
  … и ещё 14
Починка: python3 tools/asset_versions.py --write
